// Jest Snapshot v1, https://goo.gl/fbAQLP

exports[`clones the state to produce two trees 1`] = `
Array [
  Object {
    "alpha": Object {
      "=‎‎": 3,
    },
    "alphaFn": [Function],
    "beta": Object {
      "=‎‎": 5,
    },
    "deeply": Object {
      "nested": Object {
        "value": Object {
          "=‎‎": "value1",
        },
      },
      "otherNested": Object {
        "value1": Object {
          "=‎‎": "value1",
        },
        "value2": Object {
          "=‎‎": "value2",
        },
        "value3": Object {
          "=‎‎": "value3",
        },
      },
    },
  },
  Object {
    "alpha": 3,
    "alphaFn": [Function],
    "beta": 5,
    "deeply": Object {
      "nested": Object {
        "value": "value1",
      },
      "otherNested": Object {
        "value1": "value1",
        "value2": "value2",
        "value3": "value3",
      },
    },
  },
  Set {},
]
`;

exports[`clones the state to produce two trees 2`] = `
Array [
  Object {
    "address": Array [
      "alpha",
    ],
    "key": "alpha",
  },
  Object {
    "address": undefined,
    "key": "=‎‎",
  },
  Object {
    "address": Array [
      "beta",
    ],
    "key": "beta",
  },
  Object {
    "address": undefined,
    "key": "=‎‎",
  },
  Object {
    "address": Array [
      "alphaFn",
    ],
    "key": "alphaFn",
  },
  Object {
    "address": Array [
      "deeply",
    ],
    "key": "deeply",
  },
  Object {
    "address": Array [
      "nested",
    ],
    "key": "nested",
  },
  Object {
    "address": Array [
      "value",
    ],
    "key": "value",
  },
  Object {
    "address": undefined,
    "key": "=‎‎",
  },
  Object {
    "address": Array [
      "otherNested",
    ],
    "key": "otherNested",
  },
  Object {
    "address": Array [
      "value1",
    ],
    "key": "value1",
  },
  Object {
    "address": undefined,
    "key": "=‎‎",
  },
  Object {
    "address": Array [
      "value2",
    ],
    "key": "value2",
  },
  Object {
    "address": undefined,
    "key": "=‎‎",
  },
  Object {
    "address": Array [
      "value3",
    ],
    "key": "value3",
  },
  Object {
    "address": undefined,
    "key": "=‎‎",
  },
]
`;
